Flow report for final2
Mon May 27 17:11:20 2024
Quartus Prime Version 18.0.0 Build 614 04/24/2018 SJ Lite Edition


---------------------
; Table of Contents ;
---------------------
  1. Legal Notice
  2. Flow Summary
  3. Flow Settings
  4. Flow Non-Default Global Settings
  5. Flow Elapsed Time
  6. Flow OS Summary
  7. Flow Log
  8. Flow Messages
  9. Flow Suppressed Messages



----------------
; Legal Notice ;
----------------
Copyright (C) 2018  Intel Corporation. All rights reserved.
Your use of Intel Corporation's design tools, logic functions 
and other software and tools, and its AMPP partner logic 
functions, and any output files from any of the foregoing 
(including device programming or simulation files), and any 
associated documentation or information are expressly subject 
to the terms and conditions of the Intel Program License 
Subscription Agreement, the Intel Quartus Prime License Agreement,
the Intel FPGA IP License Agreement, or other applicable license
agreement, including, without limitation, that your use is for
the sole purpose of programming logic devices manufactured by
Intel and sold by Intel or its authorized distributors.  Please
refer to the applicable agreement for further details.



+----------------------------------------------------------------------------------+
; Flow Summary                                                                     ;
+------------------------------------+---------------------------------------------+
; Flow Status                        ; Successful - Mon May 27 17:11:20 2024       ;
; Quartus Prime Version              ; 18.0.0 Build 614 04/24/2018 SJ Lite Edition ;
; Revision Name                      ; final2                                      ;
; Top-level Entity Name              ; toplevel                                    ;
; Family                             ; Cyclone IV E                                ;
; Device                             ; EP4CE115F29C7                               ;
; Timing Models                      ; Final                                       ;
; Total logic elements               ; 4,349 / 114,480 ( 4 % )                     ;
;     Total combinational functions  ; 3,631 / 114,480 ( 3 % )                     ;
;     Dedicated logic registers      ; 2,413 / 114,480 ( 2 % )                     ;
; Total registers                    ; 2532                                        ;
; Total pins                         ; 159 / 529 ( 30 % )                          ;
; Total virtual pins                 ; 0                                           ;
; Total memory bits                  ; 272,128 / 3,981,312 ( 7 % )                 ;
; Embedded Multiplier 9-bit elements ; 4 / 532 ( < 1 % )                           ;
; Total PLLs                         ; 1 / 4 ( 25 % )                              ;
+------------------------------------+---------------------------------------------+


+-----------------------------------------+
; Flow Settings                           ;
+-------------------+---------------------+
; Option            ; Setting             ;
+-------------------+---------------------+
; Start date & time ; 05/27/2024 17:09:29 ;
; Main task         ; Compilation         ;
; Revision Name     ; final2              ;
+-------------------+---------------------+


+--------------------------------------------------------------------------------------------------------------------------------------------------+
; Flow Non-Default Global Settings                                                                                                                 ;
+--------------------------------------+-------------------------------------------------------+---------------+------------------+----------------+
; Assignment Name                      ; Value                                                 ; Default Value ; Entity Name      ; Section Id     ;
+--------------------------------------+-------------------------------------------------------+---------------+------------------+----------------+
; COMPILER_SIGNATURE_ID                ; 10995770589205.171680096916112                        ; --            ; --               ; --             ;
; EDA_DESIGN_INSTANCE_NAME             ; NA                                                    ; --            ; --               ; testbench      ;
; EDA_NATIVELINK_SIMULATION_TEST_BENCH ; testbench                                             ; --            ; --               ; eda_simulation ;
; EDA_OUTPUT_DATA_FORMAT               ; Systemverilog Hdl                                     ; --            ; --               ; eda_simulation ;
; EDA_SIMULATION_TOOL                  ; ModelSim-Altera (SystemVerilog)                       ; <None>        ; --               ; --             ;
; EDA_TEST_BENCH_ENABLE_STATUS         ; TEST_BENCH_MODE                                       ; --            ; --               ; eda_simulation ;
; EDA_TEST_BENCH_FILE                  ; testbench.sv                                          ; --            ; --               ; testbench      ;
; EDA_TEST_BENCH_MODULE_NAME           ; testbench                                             ; --            ; --               ; testbench      ;
; EDA_TEST_BENCH_NAME                  ; testbench                                             ; --            ; --               ; eda_simulation ;
; EDA_TEST_BENCH_RUN_SIM_FOR           ; 1000 us                                               ; --            ; --               ; testbench      ;
; EDA_TIME_SCALE                       ; 1 ps                                                  ; --            ; --               ; eda_simulation ;
; MAX_CORE_JUNCTION_TEMP               ; 85                                                    ; --            ; --               ; --             ;
; MIN_CORE_JUNCTION_TEMP               ; 0                                                     ; --            ; --               ; --             ;
; MISC_FILE                            ; visited_inst.v                                        ; --            ; --               ; --             ;
; MISC_FILE                            ; visited_bb.v                                          ; --            ; --               ; --             ;
; MISC_FILE                            ; queue_inst.v                                          ; --            ; --               ; --             ;
; MISC_FILE                            ; queue_bb.v                                            ; --            ; --               ; --             ;
; MISC_FILE                            ; PixelOCM_inst.v                                       ; --            ; --               ; --             ;
; MISC_FILE                            ; PixelOCM_bb.v                                         ; --            ; --               ; --             ;
; MISC_FILE                            ; Dijkstra_inst.v                                       ; --            ; --               ; --             ;
; MISC_FILE                            ; Dijkstra_bb.v                                         ; --            ; --               ; --             ;
; MISC_FILE                            ; soc/synthesis/../soc.cmp                              ; --            ; --               ; --             ;
; MISC_FILE                            ; soc/synthesis/../../soc.qsys                          ; --            ; --               ; --             ;
; MISC_FILE                            ; soc/synthesis/submodules/PixelOCM_inst.v              ; --            ; --               ; --             ;
; MISC_FILE                            ; soc/synthesis/submodules/PixelOCM_bb.v                ; --            ; --               ; --             ;
; MISC_FILE                            ; soc/synthesis/submodules/Dijkstra_inst.v              ; --            ; --               ; --             ;
; MISC_FILE                            ; soc/synthesis/submodules/Dijkstra_bb.v                ; --            ; --               ; --             ;
; MISC_FILE                            ; soc/synthesis/submodules/visited_inst.v               ; --            ; --               ; --             ;
; MISC_FILE                            ; soc/synthesis/submodules/visited_bb.v                 ; --            ; --               ; --             ;
; MISC_FILE                            ; soc/synthesis/submodules/queue_inst.v                 ; --            ; --               ; --             ;
; MISC_FILE                            ; soc/synthesis/submodules/queue_bb.v                   ; --            ; --               ; --             ;
; NOMINAL_CORE_SUPPLY_VOLTAGE          ; 1.2V                                                  ; --            ; --               ; --             ;
; NUM_PARALLEL_PROCESSORS              ; All                                                   ; --            ; --               ; --             ;
; PARTITION_COLOR                      ; -- (Not supported for targeted family)                ; --            ; DE2_115_Default  ; Top            ;
; PARTITION_COLOR                      ; -- (Not supported for targeted family)                ; --            ; DE2_115_PS2_DEMO ; Top            ;
; PARTITION_COLOR                      ; -- (Not supported for targeted family)                ; --            ; lab8             ; Top            ;
; PARTITION_COLOR                      ; -- (Not supported for targeted family)                ; --            ; toplevel         ; Top            ;
; PARTITION_FITTER_PRESERVATION_LEVEL  ; -- (Not supported for targeted family)                ; --            ; DE2_115_Default  ; Top            ;
; PARTITION_FITTER_PRESERVATION_LEVEL  ; -- (Not supported for targeted family)                ; --            ; DE2_115_PS2_DEMO ; Top            ;
; PARTITION_FITTER_PRESERVATION_LEVEL  ; -- (Not supported for targeted family)                ; --            ; lab8             ; Top            ;
; PARTITION_FITTER_PRESERVATION_LEVEL  ; -- (Not supported for targeted family)                ; --            ; toplevel         ; Top            ;
; PARTITION_NETLIST_TYPE               ; -- (Not supported for targeted family)                ; --            ; DE2_115_Default  ; Top            ;
; PARTITION_NETLIST_TYPE               ; -- (Not supported for targeted family)                ; --            ; DE2_115_PS2_DEMO ; Top            ;
; PARTITION_NETLIST_TYPE               ; -- (Not supported for targeted family)                ; --            ; lab8             ; Top            ;
; PARTITION_NETLIST_TYPE               ; -- (Not supported for targeted family)                ; --            ; toplevel         ; Top            ;
; POWER_BOARD_THERMAL_MODEL            ; None (CONSERVATIVE)                                   ; --            ; --               ; --             ;
; POWER_PRESET_COOLING_SOLUTION        ; 23 MM HEAT SINK WITH 200 LFPM AIRFLOW                 ; --            ; --               ; --             ;
; PROJECT_OUTPUT_DIRECTORY             ; output_files                                          ; --            ; --               ; --             ;
; SLD_FILE                             ; soc/synthesis/soc.regmap                              ; --            ; --               ; --             ;
; SLD_FILE                             ; soc/synthesis/soc.debuginfo                           ; --            ; --               ; --             ;
; SLD_INFO                             ; QSYS_NAME soc HAS_SOPCINFO 1 GENERATION_ID 1716546497 ; --            ; soc              ; --             ;
; SOPCINFO_FILE                        ; soc/synthesis/../../soc.sopcinfo                      ; --            ; --               ; --             ;
; SYNTHESIS_ONLY_QIP                   ; On                                                    ; --            ; --               ; --             ;
; TOP_LEVEL_ENTITY                     ; toplevel                                              ; final2        ; --               ; --             ;
+--------------------------------------+-------------------------------------------------------+---------------+------------------+----------------+


+--------------------------------------------------------------------------------------------------------------------------+
; Flow Elapsed Time                                                                                                        ;
+----------------------+--------------+-------------------------+---------------------+------------------------------------+
; Module Name          ; Elapsed Time ; Average Processors Used ; Peak Virtual Memory ; Total CPU Time (on all processors) ;
+----------------------+--------------+-------------------------+---------------------+------------------------------------+
; Analysis & Synthesis ; 00:00:49     ; 1.0                     ; 4971 MB             ; 00:00:24                           ;
; Fitter               ; 00:00:37     ; 1.1                     ; 5837 MB             ; 00:00:25                           ;
; Assembler            ; 00:00:04     ; 1.0                     ; 4705 MB             ; 00:00:02                           ;
; Timing Analyzer      ; 00:00:04     ; 1.4                     ; 4906 MB             ; 00:00:03                           ;
; EDA Netlist Writer   ; 00:00:08     ; 1.0                     ; 4730 MB             ; 00:00:04                           ;
; Total                ; 00:01:42     ; --                      ; --                  ; 00:00:58                           ;
+----------------------+--------------+-------------------------+---------------------+------------------------------------+


+------------------------------------------------------------------------------------+
; Flow OS Summary                                                                    ;
+----------------------+------------------+------------+------------+----------------+
; Module Name          ; Machine Hostname ; OS Name    ; OS Version ; Processor type ;
+----------------------+------------------+------------+------------+----------------+
; Analysis & Synthesis ; DESKTOP-4C7VRD6  ; Windows 10 ; 10.0       ; x86_64         ;
; Fitter               ; DESKTOP-4C7VRD6  ; Windows 10 ; 10.0       ; x86_64         ;
; Assembler            ; DESKTOP-4C7VRD6  ; Windows 10 ; 10.0       ; x86_64         ;
; Timing Analyzer      ; DESKTOP-4C7VRD6  ; Windows 10 ; 10.0       ; x86_64         ;
; EDA Netlist Writer   ; DESKTOP-4C7VRD6  ; Windows 10 ; 10.0       ; x86_64         ;
+----------------------+------------------+------------+------------+----------------+


------------
; Flow Log ;
------------
quartus_map --read_settings_files=on --write_settings_files=off final2 -c final2
quartus_fit --read_settings_files=off --write_settings_files=off final2 -c final2
quartus_asm --read_settings_files=off --write_settings_files=off final2 -c final2
quartus_sta final2 -c final2
quartus_eda --read_settings_files=off --write_settings_files=off final2 -c final2



